CLASS ID(Factorial) LCURLY PUBLIC STATIC VOID MAIN LPAREN STRING LBRACK RBRACK ID(a) RPAREN LCURLY PRINT LPAREN NEW ID(Fac) LPAREN RPAREN DOT ID(ComputeFac) LPAREN INTEGER_LITERAL(10) RPAREN RPAREN SEMICOLON RCURLY RCURLY CLASS ID(Fac) LCURLY PUBLIC INT ID(ComputeFac) LPAREN INT ID(num) RPAREN LCURLY INT ID(num_aux) SEMICOLON IF LPAREN ID(num) LESSTHAN INTEGER_LITERAL(1) RPAREN ID(num_aux) BECOMES INTEGER_LITERAL(1) SEMICOLON ELSE ID(num_aux) BECOMES ID(num) TIMES LPAREN THIS DOT ID(ComputeFac) LPAREN ID(num) MINUS INTEGER_LITERAL(1) RPAREN RPAREN SEMICOLON RETURN ID(num_aux) SEMICOLON RCURLY RCURLY